% original pdffonts.map -- Constructed by M. Wicks, 11/29/98
%
% Format is as follows:
% TeX-name encoding AFM-name PFB-name
% The default behavior is to use the font's built-in
% encoding, to use the TeX-name as the AFM-name, and
% to use the AFM-name as the PFB-name.
% The word "default" may be used in any field to
% specify the default behavior.  You can
% also say "none", in the PFB field, for example
% to say that no PFB should be loaded 
% CharterBT-Bold
bchb8r 8r bbchb8a
% CharterBT-BoldItalic
bchbi8r 8r bbchbi8a
% CharterBT-Roman
bchr8r 8r bchr8a
% CharterBT-Italic
bchri8r 8r bchri8a
% AvantGarde-Demi
pagd8r 8r pagd8a
% AvantGarde-DemiOblique
pagdo8r 8r pagdo8a
% AvantGarde-Book
pagk8r 8r pagk8a
% AvantGarde-BookOblique
pagko8r 8r pagko8a
% Bookman-Demi
pbkd8r 8r pbkd8a
% Bookman-DemiItalic
pbkdi8r 8r pbkdi8a
% Bookman-Light
pbkl8r 8r pbkl8a
% Bookman-LightItalic
pbkli8r 8r pbkli8a
% Courier-Bold
pcrb8r 8r pcrb8a
% Courier-BoldOblique
pcrbo8r 8r pcrbo8a
% Courier
pcrr8r 8r pcrr8a
% Courier-Oblique
pcrro8r 8r pcrro8a
% Helvetica-Bold
phvb8r 8r phvb8a
% Helvetica-Narrow-Bold
phvb8rn 8r phvb8an
% Helvetica-BoldOblique
phvbo8r 8r phvbo8a
% Helvetica-Narrow-BoldOblique
phvbo8rn 8r phvbo8an
% Helvetica
phvr8r 8r phvr8a
% Helvetica-Narrow
phvr8rn 8r phvr8an
% Helvetica-Oblique
phvro8r 8r phbro8a
% Helvetica-Narrow-Oblique
phvro8rn 8r phvro8an
% NewCenturySchlbk-Bold
pncb8r 8r pncb8a
% NewCenturySchlbk-BoldItalic
pncbi8r 8r pncbi8a
% NewCenturySchlbk-Roman
pncr8r 8r pncr8a
% NewCenturySchlbk-Italic
pncri8r 8r pncri8a
% Palatino-Bold
pplb8r 8r pplb8a
% Palatino-BoldItalic
pplbi8r 8r pplbi8a
% Palatino-Roman
pplr8r 8r pplr8a
% Palatino-Italic
pplri8r 8r pplri8a
% Symbol
psyr none psyr
% Times-Bold
ptmb8r 8r ptmb8a
% Times-BoldItalic
ptmbi8r 8r ptmbi8a
% Times-Roman
ptmr8r 8r ptmr8a
% Times-Italic
ptmri8r 8r ptmri8a
% Utopia-Bold
putb8r 8r putb8a
% Utopia-BoldItalic
putbi8r 8r putbi8a
% Utopia-Regular
putr8r 8r putr8a
% Utopia-Italic
putri8r 8r putri8a
% ZapfChancery-MediumItalic
pzcmi8r 8r pzcmi8a
% ZapfDingbats
pzdr none
% pplr8r none pplr8a pplr8a
% cmr10 cmtext cmr10 cmr10
cmr9 cmtext cmr10 cmr10
