% Thomas Esser, 1998, public domain.
m1 CWTEX-M1 <m1.pfb
bchb8r CharterBT-Bold "TeXBase1Encoding ReEncodeFont" <8r.enc <bchb8a.pfb
bchbi8r CharterBT-BoldItalic "TeXBase1Encoding ReEncodeFont" <8r.enc <bchbi8a.pfb
bchbo8r CharterBT-Bold ".167 SlantFont TeXBase1Encoding ReEncodeFont" <8r.enc <bchb8a.pfb
bchr8r CharterBT-Roman "TeXBase1Encoding ReEncodeFont" <8r.enc <bchr8a.pfb
bchri8r CharterBT-Italic "TeXBase1Encoding ReEncodeFont" <8r.enc <bchri8a.pfb
bchro8r CharterBT-Roman ".167 SlantFont TeXBase1Encoding ReEncodeFont" <8r.enc <bchr8a.pfb
omsea1 OmegaSerifArabicOne <omsea1.pfb
omsea1b OmegaSerifArabicOne-Bold <omsea1b.pfb
omsea2 OmegaSerifArabicTwo <omsea2.pfb
omsea2b OmegaSerifArabicTwo-Bold <omsea2b.pfb
omsea3 OmegaSerifArabicThree <omsea3.pfb
omsea3b OmegaSerifArabicThree-Bold <omsea3b.pfb
omseco OmegaSerifCommon <omseco.pfb
omsecob OmegaSerifCommon-Bold <omsecob.pfb
omsecobi OmegaSerifCommon-BoldItalic <omsecobi.pfb
omsecoi OmegaSerifCommon-Italic <omsecoi.pfb
omsecx OmegaSerifCyrillicExtended <omsecx.pfb
omsecy OmegaSerifCyrillic <omsecy.pfb
omsegr OmegaSerifGreek <omsegr.pfb
omsegrb OmegaSerifGreek-Bold <omsegrb.pfb
omsegrbi OmegaSerifGreek-BoldItalic <omsegrbi.pfb
omsegri OmegaSerifGreek-Italic <omsegri.pfb
omseha OmegaSerifArmenian <omseha.pfb
omsehe OmegaSerifHebrew <omsehe.pfb
omseip OmegaSerifIPA <omseip.pfb
omsela OmegaSerifLatin <omsela.pfb
omselab OmegaSerifLatin-Bold <omselab.pfb
omselabi OmegaSerifLatin-BoldItalic <omselabi.pfb
omselai OmegaSerifLatin-Italic <omselai.pfb
omseti OmegaSerifTifinagh <omseti.pfb
omssti OmegaSansTifinagh <omssti.pfb
pagd8r AvantGarde-Demi "TeXBase1Encoding ReEncodeFont" <8r.enc
pagdo8r AvantGarde-DemiOblique "TeXBase1Encoding ReEncodeFont" <8r.enc
pagk8r AvantGarde-Book "TeXBase1Encoding ReEncodeFont" <8r.enc
pagko8r AvantGarde-BookOblique "TeXBase1Encoding ReEncodeFont" <8r.enc
pbkd8r Bookman-Demi "TeXBase1Encoding ReEncodeFont" <8r.enc
pbkdi8r Bookman-DemiItalic "TeXBase1Encoding ReEncodeFont" <8r.enc
pbkdo8r Bookman-Demi ".167 SlantFont TeXBase1Encoding ReEncodeFont" <8r.enc
pbkl8r Bookman-Light "TeXBase1Encoding ReEncodeFont" <8r.enc
pbkli8r Bookman-LightItalic "TeXBase1Encoding ReEncodeFont" <8r.enc
pbklo8r Bookman-Light ".167 SlantFont TeXBase1Encoding ReEncodeFont" <8r.enc
pcrb8r Courier-Bold "TeXBase1Encoding ReEncodeFont" <8r.enc
pcrbo8r Courier-BoldOblique "TeXBase1Encoding ReEncodeFont" <8r.enc
pcrr8r Courier "TeXBase1Encoding ReEncodeFont" <8r.enc
pcrr8rn Courier ".85 ExtendFont TeXBase1Encoding ReEncodeFont" <8r.enc
pcrro8r Courier-Oblique "TeXBase1Encoding ReEncodeFont" <8r.enc
phvb8r Helvetica-Bold "TeXBase1Encoding ReEncodeFont" <8r.enc
phvb8rn Helvetica-Narrow-Bold "TeXBase1Encoding ReEncodeFont" <8r.enc
phvbo8r Helvetica-BoldOblique "TeXBase1Encoding ReEncodeFont" <8r.enc
phvbo8rn Helvetica-Narrow-BoldOblique "TeXBase1Encoding ReEncodeFont" <8r.enc
phvbon8r Helvetica-BoldOblique ".82 ExtendFont TeXBase1Encoding ReEncodeFont" <8r.enc
phvbrn8r Helvetica-Bold ".82 ExtendFont TeXBase1Encoding ReEncodeFont" <8r.enc
phvr8r Helvetica "TeXBase1Encoding ReEncodeFont" <8r.enc
phvr8rn Helvetica-Narrow "TeXBase1Encoding ReEncodeFont" <8r.enc
phvro8r Helvetica-Oblique "TeXBase1Encoding ReEncodeFont" <8r.enc
phvro8rn Helvetica-Narrow-Oblique "TeXBase1Encoding ReEncodeFont" <8r.enc
phvron8r Helvetica-Oblique ".82 ExtendFont TeXBase1Encoding ReEncodeFont" <8r.enc
phvrrn8r Helvetica ".82 ExtendFont TeXBase1Encoding ReEncodeFont" <8r.enc
pncb8r NewCenturySchlbk-Bold "TeXBase1Encoding ReEncodeFont" <8r.enc
pncbi8r NewCenturySchlbk-BoldItalic "TeXBase1Encoding ReEncodeFont" <8r.enc
pncbo8r NewCenturySchlbk-Bold ".167 SlantFont TeXBase1Encoding ReEncodeFont" <8r.enc
pncr8r NewCenturySchlbk-Roman "TeXBase1Encoding ReEncodeFont" <8r.enc
pncri8r NewCenturySchlbk-Italic "TeXBase1Encoding ReEncodeFont" <8r.enc
pncro8r NewCenturySchlbk-Roman ".167 SlantFont TeXBase1Encoding ReEncodeFont" <8r.enc
pplb8r Palatino-Bold "TeXBase1Encoding ReEncodeFont" <8r.enc
pplbi8r Palatino-BoldItalic "TeXBase1Encoding ReEncodeFont" <8r.enc
pplbo8r Palatino-Bold ".167 SlantFont TeXBase1Encoding ReEncodeFont" <8r.enc
pplbu8r Palatino-BoldItalic "-.1763 SlantFont TeXBase1Encoding ReEncodeFont" <8r.enc
pplr8r Palatino-Roman "TeXBase1Encoding ReEncodeFont" <8r.enc
pplri8r Palatino-Italic "TeXBase1Encoding ReEncodeFont" <8r.enc
pplro8r Palatino-Roman ".167 SlantFont TeXBase1Encoding ReEncodeFont" <8r.enc
pplrre8r Palatino-Roman "1.2 ExtendFont TeXBase1Encoding ReEncodeFont" <8r.enc
pplrrn8r Palatino-Roman ".82 ExtendFont TeXBase1Encoding ReEncodeFont" <8r.enc
pplru8r Palatino-Italic "-.1763 SlantFont TeXBase1Encoding ReEncodeFont" <8r.enc
psyr Symbol
psyro Symbol ".167 SlantFont"
ptmb8r Times-Bold "TeXBase1Encoding ReEncodeFont" <8r.enc
ptmbi8r Times-BoldItalic "TeXBase1Encoding ReEncodeFont" <8r.enc
ptmbo8r Times-Bold ".167 SlantFont TeXBase1Encoding ReEncodeFont" <8r.enc
ptmr8r Times-Roman "TeXBase1Encoding ReEncodeFont" <8r.enc
ptmri8r Times-Italic "TeXBase1Encoding ReEncodeFont" <8r.enc
ptmro8r Times-Roman ".167 SlantFont TeXBase1Encoding ReEncodeFont" <8r.enc
ptmrre8r Times-Roman "1.2 ExtendFont TeXBase1Encoding ReEncodeFont" <8r.enc
ptmrrn8r Times-Roman ".82 ExtendFont TeXBase1Encoding ReEncodeFont" <8r.enc
putb8r Utopia-Bold "TeXBase1Encoding ReEncodeFont" <8r.enc <putb8a.pfb
putbi8r Utopia-BoldItalic "TeXBase1Encoding ReEncodeFont" <8r.enc <putbi8a.pfb
putbo8r Utopia-Bold ".167 SlantFont TeXBase1Encoding ReEncodeFont" <8r.enc <putb8a.pfb
putr8r Utopia-Regular "TeXBase1Encoding ReEncodeFont" <8r.enc <putr8a.pfb
putri8r Utopia-Italic "TeXBase1Encoding ReEncodeFont" <8r.enc <putri8a.pfb
putro8r Utopia-Regular ".167 SlantFont TeXBase1Encoding ReEncodeFont" <8r.enc <putr8a.pfb
pzcmi8r ZapfChancery-MediumItalic "TeXBase1Encoding ReEncodeFont" <8r.enc
pzdr ZapfDingbats
xyatip10 XYATIP10 <xyatip10.pfb
xybsql10 XYBSQL10 <xybsql10.pfb
xybtip10 XYBTIP10 <xybtip10.pfb
xycirc10 XYCIRC10 <xycirc10.pfb
xycmat10 XYCMAT10 <xycmat10.pfb
xycmat11 XYCMAT10 "1.1 ExtendFont" <xycmat10.pfb
xycmat12 XYCMAT10 "1.2 ExtendFont" <xycmat10.pfb
xycmbt10 XYCMBT10 <xycmbt10.pfb
xycmbt11 XYCMBT10 "1.1 ExtendFont" <xycmbt10.pfb
xycmbt12 XYCMBT10 "1.2 ExtendFont" <xycmbt10.pfb
xydash10 XYDASH10 <xydash10.pfb
xyeuat10 XYEUAT10 <xyeuat10.pfb
xyeuat11 XYEUAT10 "1.1 ExtendFont" <xyeuat10.pfb
xyeuat12 XYEUAT10 "1.2 ExtendFont" <xyeuat10.pfb
xyeubt10 XYEUBT10 <xyeubt10.pfb
xyeubt11 XYEUBT10 "1.1 ExtendFont" <xyeubt10.pfb
xyeubt12 XYEUBT10 "1.2 ExtendFont" <xyeubt10.pfb
